// Jest Snapshot v1, https://goo.gl/fbAQLP

exports[`Test to grid gifs should be renderer 1`] = `
<div
  className="card animate__animated animate__fadeIn"
>
  <img
    alt="Un titulo"
    src="https://localhost.com/algo.jpg"
  />
  <p>
    Un titulo
  </p>
</div>
`;
